// Jest Snapshot v1, https://goo.gl/fbAQLP

exports[`synthesizeContext — full snapshot produces the frozen Phase 9 shape for a realistic fixture 1`] = `
{
  "health": {
    "avgHrvLast24h": 50,
    "lastSleep": {
      "endAt": 907200000,
      "stage": "deep",
      "startAt": 882000000,
    },
    "stepsLast24h": 2000,
  },
  "hourOfDay": 23,
  "location": {
    "activeRegions": [
      "home",
    ],
    "current": {
      "lat": 31.23,
      "lon": 121.47,
      "timestampMs": 918000000,
    },
  },
  "lunar": {
    "chineseLabel": "一九六九年十二月初四巳時",
    "day": 4,
    "isLeapMonth": false,
    "month": 12,
    "solarTerm": null,
    "year": 1969,
  },
  "nowMs": 918000000,
  "permissions": {
    "calendar": "limited",
    "health": "granted",
    "location": "granted",
    "media": "denied",
    "notifications": "granted",
  },
  "pet": {
    "ageMs": 108000000,
    "bornAt": 0,
    "stage": "teen",
    "stats": {
      "energy": 58,
      "happiness": 71,
      "satiety": 42,
    },
  },
  "solar": {
    "isDaylight": false,
    "moonIllumination": 0.17920281654794723,
    "moonPhase": 0.1391366377201786,
    "solarNoonMs": 878586800,
    "sunriseMs": 860095325,
    "sunsetMs": 897078274,
  },
  "timeOfDay": {
    "dayOfWeek": 6,
    "hour": 23,
  },
  "weather": {
    "condition": "clear",
    "feelsLikeC": 14.7,
    "humidity": 0.5,
    "observedAt": 918000000,
    "tempC": 16.7,
  },
}
`;
